// Jest Snapshot v1, https://goo.gl/fbAQLP

exports[`Test on file <FirstApp /> Must match the snapshot 1`] = `
<div>
  <h1>
    Hello World
  </h1>
  <p>
    SubTitle
  </p>
</div>
`;
